// Jest Snapshot v1, https://goo.gl/fbAQLP

exports[`Home should not regress 1`] = `
<div>
  <Welcome />
  <div
    className="content"
  >
    <Services />
    <OurStory />
    <ContactSection />
  </div>
  <Footer />
</div>
`;
