// Jest Snapshot v1, https://goo.gl/fbAQLP

exports[`App should render correctly 1`] = `
<div
  className="App"
>
  <header
    className="App-header"
  >
    <p>
      Welcome to the Nail Salon Website
    </p>
  </header>
</div>
`;
