// Jest Snapshot v1, https://goo.gl/fbAQLP

exports[`Header should not have regressed 1`] = `
<div
  className="Header"
>
  <nav
    className="navbar navbar-expand-lg navbar-light"
  >
    <a
      className="navbar-brand"
      href="/"
    >
      <img
        className="nav-logo"
        src=""
        width="200px"
      />
    </a>
    <button
      aria-controls="navbarToggler"
      aria-expanded="false"
      aria-label="Toggle navigation"
      className="navbar-toggler"
      data-target="#navbarToggler"
      data-toggle="collapse"
      type="button"
    >
      <span
        className="navbar-toggler-icon"
      />
    </button>
    <div
      className="collapse navbar-collapse"
      id="navbarToggler"
    >
      <ul
        className="navbar-nav mr-auto"
      >
        <li
          className="nav-item u-margin-left"
        >
          <a
            className="nav-link active"
            href="/"
          >
            HOME
          </a>
        </li>
        <li
          className="nav-item u-margin-left"
        >
          <a
            className="nav-link"
            href="#serving"
          >
            OUR SERVICES
          </a>
        </li>
        <li
          className="nav-item u-margin-left"
        >
          <a
            className="nav-link"
            href="#"
          >
            OUR STORY
          </a>
        </li>
        <li
          className="nav-item u-margin-left"
        >
          <a
            className="nav-link"
            href="https://nailsaloninvisibles.simplespa.com/#"
          >
            MAKE AN APPOINTMENT
          </a>
        </li>
        <li
          className="nav-item u-margin-left"
        >
          <a
            className="nav-link "
            href="#contactus"
          >
            CONTACT US
          </a>
        </li>
      </ul>
    </div>
  </nav>
</div>
`;
