// Jest Snapshot v1, https://goo.gl/fbAQLP

exports[`ContactSection should not have regressed 1`] = `
<div
  className="contact-information"
>
  <h2
    className="primary-header"
  >
    Contact Us
  </h2>
  <h3
    className="primary-location"
  >
    Ground Foor, Al Raed Groove, Ashirat Sudayr street,  
    <br />
    Ar Raid, Riyadh 12355
  </h3>
  <h3
    className="primary-info"
  >
    info@mysite.com  |  +966 56 057 7709
  </h3>
  <h2
    className="secondary-header"
  >
    Opening Hours
  </h2>
  <h3
    className="primary-info"
  >
    Mon - Thur & Sat: 11am - 9pm
    <br />
    Friday: 2pm - 9pm
    <br />
    Sunday: Closed
  </h3>
</div>
`;
