// Jest Snapshot v1, https://goo.gl/fbAQLP

exports[`ServicesCard should not have regressed 1`] = `
<div
  className="services-bouquet"
>
  <ServicesDetail />
</div>
`;
